// Jest Snapshot v1, https://goo.gl/fbAQLP

exports[`Testing Card Component should render correctly 1`] = `ShallowWrapper {}`;
