// Jest Snapshot v1, https://goo.gl/fbAQLP

exports[`Testing Input Component should render correctly 1`] = `ReactWrapper {}`;
